praneeth44@Praneeths-MacBook-Pro 02 % make mapreduce
python3 main.py
please choose another port, choosen port is unavailable
make: *** [mapreduce] Error 1
praneeth44@Praneeths-MacBook-Pro 02 % make mapreduce
python3 main.py
mappers number is either 0 or not int. Please provde int > 0 in config.py
make: *** [mapreduce] Error 1
praneeth44@Praneeths-MacBook-Pro 02 % make mapreduce
python3 main.py
reducers number is either 0 or not int. Please provde int > 0 in config.py
make: *** [mapreduce] Error 1
praneeth44@Praneeths-MacBook-Pro 02 % make mapreduce
python3 main.py

Application must be either word_count or inverted_index.
 Please check config.py.

make: *** [mapreduce] Error 1
praneeth44@Praneeths-MacBook-Pro 02 % make mapreduce
python3 main.py

mapper workers on work....

mapper  1  failed, restarting mapper  1
mapper  4  failed, restarting mapper  4
mapper  2  failed, restarting mapper  2
mapper  4  failed, restarting mapper  4
mapper  2  failed, restarting mapper  2
mapper  4  failed, restarting mapper  4
mapper  4  failed, restarting mapper  4
mappers completion order :  ['0', '3', '1', '2', '4'] 

reducer workers on work....

^C^C^C^C^C^Creducers completion order :  ['3', '0', '1', '2', '4'] 

inverted_index  k-v pairs stored!


praneeth44@Praneeths-MacBook-Pro 02 % 
